Archive member included because of file (symbol)

c:/program files (x86)/gnu tools arm embedded/4.9 2014q4/bin/../lib/gcc/arm-none-eabi/4.9.3/armv7-m\libgcc.a(_aeabi_uldivmod.o)
                              ..\obj\main.o (__aeabi_uldivmod)
c:/program files (x86)/gnu tools arm embedded/4.9 2014q4/bin/../lib/gcc/arm-none-eabi/4.9.3/armv7-m\libgcc.a(bpabi.o)
                              c:/program files (x86)/gnu tools arm embedded/4.9 2014q4/bin/../lib/gcc/arm-none-eabi/4.9.3/armv7-m\libgcc.a(_aeabi_uldivmod.o) (__gnu_uldivmod_helper)
c:/program files (x86)/gnu tools arm embedded/4.9 2014q4/bin/../lib/gcc/arm-none-eabi/4.9.3/armv7-m\libgcc.a(_dvmd_tls.o)
                              c:/program files (x86)/gnu tools arm embedded/4.9 2014q4/bin/../lib/gcc/arm-none-eabi/4.9.3/armv7-m\libgcc.a(_aeabi_uldivmod.o) (__aeabi_ldiv0)
c:/program files (x86)/gnu tools arm embedded/4.9 2014q4/bin/../lib/gcc/arm-none-eabi/4.9.3/armv7-m\libgcc.a(_divdi3.o)
                              c:/program files (x86)/gnu tools arm embedded/4.9 2014q4/bin/../lib/gcc/arm-none-eabi/4.9.3/armv7-m\libgcc.a(bpabi.o) (__divdi3)
c:/program files (x86)/gnu tools arm embedded/4.9 2014q4/bin/../lib/gcc/arm-none-eabi/4.9.3/armv7-m\libgcc.a(_udivdi3.o)
                              c:/program files (x86)/gnu tools arm embedded/4.9 2014q4/bin/../lib/gcc/arm-none-eabi/4.9.3/armv7-m\libgcc.a(bpabi.o) (__udivdi3)
c:/program files (x86)/gnu tools arm embedded/4.9 2014q4/bin/../lib/gcc/arm-none-eabi/4.9.3/../../../../arm-none-eabi/lib/armv7-m\libg.a(lib_a-memset.o)
                              ..\obj\main.o (memset)
c:/program files (x86)/gnu tools arm embedded/4.9 2014q4/bin/../lib/gcc/arm-none-eabi/4.9.3/../../../../arm-none-eabi/lib/armv7-m\libg.a(lib_a-strcpy.o)
                              ..\obj\main.o (strcpy)
c:/program files (x86)/gnu tools arm embedded/4.9 2014q4/bin/../lib/gcc/arm-none-eabi/4.9.3/../../../../arm-none-eabi/lib/armv7-m\libg.a(lib_a-strlen.o)
                              ..\obj\main.o (strlen)

Allocating common symbols
Common symbol       size              file

RX_buffer_counter   0x4               ..\obj\main.o
TX_buffer           0xc8              ..\obj\main.o
msTicks             0x4               ..\obj\main.o
abox_timer          0x4               ..\obj\main.o
crc_check           0x2               ..\obj\main.o
crcTable            0x200             ..\obj\main.o
RX_buffer           0xc8              ..\obj\main.o
ABox                0xec0             ..\obj\main.o
RX_rpi              0x1               ..\obj\main.o
millis              0x8               ..\obj\main.o

Discarded input sections

 .text          0x00000000        0x0 ..\obj\stm32f10x_tim.o
 .data          0x00000000        0x0 ..\obj\stm32f10x_tim.o
 .bss           0x00000000        0x0 ..\obj\stm32f10x_tim.o
 .text.TIM_DeInit
                0x00000000      0x22c ..\obj\stm32f10x_tim.o
 .text.TIM_TimeBaseInit
                0x00000000       0xf8 ..\obj\stm32f10x_tim.o
 .text.TIM_OC1Init
                0x00000000      0x118 ..\obj\stm32f10x_tim.o
 .text.TIM_OC2Init
                0x00000000      0x110 ..\obj\stm32f10x_tim.o
 .text.TIM_OC3Init
                0x00000000      0x10c ..\obj\stm32f10x_tim.o
 .text.TIM_OC4Init
                0x00000000       0xd0 ..\obj\stm32f10x_tim.o
 .text.TIM_ICInit
                0x00000000       0xa8 ..\obj\stm32f10x_tim.o
 .text.TIM_PWMIConfig
                0x00000000       0xb8 ..\obj\stm32f10x_tim.o
 .text.TIM_BDTRConfig
                0x00000000       0x50 ..\obj\stm32f10x_tim.o
 .text.TIM_TimeBaseStructInit
                0x00000000       0x34 ..\obj\stm32f10x_tim.o
 .text.TIM_OCStructInit
                0x00000000       0x44 ..\obj\stm32f10x_tim.o
 .text.TIM_ICStructInit
                0x00000000       0x30 ..\obj\stm32f10x_tim.o
 .text.TIM_BDTRStructInit
                0x00000000       0x3c ..\obj\stm32f10x_tim.o
 .text.TIM_Cmd  0x00000000       0x40 ..\obj\stm32f10x_tim.o
 .text.TIM_CtrlPWMOutputs
                0x00000000       0x4c ..\obj\stm32f10x_tim.o
 .text.TIM_ITConfig
                0x00000000       0x48 ..\obj\stm32f10x_tim.o
 .text.TIM_GenerateEvent
                0x00000000       0x1c ..\obj\stm32f10x_tim.o
 .text.TIM_DMAConfig
                0x00000000       0x28 ..\obj\stm32f10x_tim.o
 .text.TIM_DMACmd
                0x00000000       0x48 ..\obj\stm32f10x_tim.o
 .text.TIM_InternalClockConfig
                0x00000000       0x24 ..\obj\stm32f10x_tim.o
 .text.TIM_ITRxExternalClockConfig
                0x00000000       0x2c ..\obj\stm32f10x_tim.o
 .text.TIM_TIxExternalClockConfig
                0x00000000       0x60 ..\obj\stm32f10x_tim.o
 .text.TIM_ETRClockMode1Config
                0x00000000       0x5c ..\obj\stm32f10x_tim.o
 .text.TIM_ETRClockMode2Config
                0x00000000       0x3c ..\obj\stm32f10x_tim.o
 .text.TIM_ETRConfig
                0x00000000       0x54 ..\obj\stm32f10x_tim.o
 .text.TIM_PrescalerConfig
                0x00000000       0x28 ..\obj\stm32f10x_tim.o
 .text.TIM_CounterModeConfig
                0x00000000       0x38 ..\obj\stm32f10x_tim.o
 .text.TIM_SelectInputTrigger
                0x00000000       0x38 ..\obj\stm32f10x_tim.o
 .text.TIM_EncoderInterfaceConfig
                0x00000000       0x98 ..\obj\stm32f10x_tim.o
 .text.TIM_ForcedOC1Config
                0x00000000       0x38 ..\obj\stm32f10x_tim.o
 .text.TIM_ForcedOC2Config
                0x00000000       0x3c ..\obj\stm32f10x_tim.o
 .text.TIM_ForcedOC3Config
                0x00000000       0x38 ..\obj\stm32f10x_tim.o
 .text.TIM_ForcedOC4Config
                0x00000000       0x3c ..\obj\stm32f10x_tim.o
 .text.TIM_ARRPreloadConfig
                0x00000000       0x40 ..\obj\stm32f10x_tim.o
 .text.TIM_SelectCOM
                0x00000000       0x40 ..\obj\stm32f10x_tim.o
 .text.TIM_SelectCCDMA
                0x00000000       0x40 ..\obj\stm32f10x_tim.o
 .text.TIM_CCPreloadControl
                0x00000000       0x40 ..\obj\stm32f10x_tim.o
 .text.TIM_OC1PreloadConfig
                0x00000000       0x38 ..\obj\stm32f10x_tim.o
 .text.TIM_OC2PreloadConfig
                0x00000000       0x3c ..\obj\stm32f10x_tim.o
 .text.TIM_OC3PreloadConfig
                0x00000000       0x38 ..\obj\stm32f10x_tim.o
 .text.TIM_OC4PreloadConfig
                0x00000000       0x3c ..\obj\stm32f10x_tim.o
 .text.TIM_OC1FastConfig
                0x00000000       0x38 ..\obj\stm32f10x_tim.o
 .text.TIM_OC2FastConfig
                0x00000000       0x3c ..\obj\stm32f10x_tim.o
 .text.TIM_OC3FastConfig
                0x00000000       0x38 ..\obj\stm32f10x_tim.o
 .text.TIM_OC4FastConfig
                0x00000000       0x3c ..\obj\stm32f10x_tim.o
 .text.TIM_ClearOC1Ref
                0x00000000       0x38 ..\obj\stm32f10x_tim.o
 .text.TIM_ClearOC2Ref
                0x00000000       0x3c ..\obj\stm32f10x_tim.o
 .text.TIM_ClearOC3Ref
                0x00000000       0x38 ..\obj\stm32f10x_tim.o
 .text.TIM_ClearOC4Ref
                0x00000000       0x3c ..\obj\stm32f10x_tim.o
 .text.TIM_OC1PolarityConfig
                0x00000000       0x38 ..\obj\stm32f10x_tim.o
 .text.TIM_OC1NPolarityConfig
                0x00000000       0x38 ..\obj\stm32f10x_tim.o
 .text.TIM_OC2PolarityConfig
                0x00000000       0x3c ..\obj\stm32f10x_tim.o
 .text.TIM_OC2NPolarityConfig
                0x00000000       0x3c ..\obj\stm32f10x_tim.o
 .text.TIM_OC3PolarityConfig
                0x00000000       0x3c ..\obj\stm32f10x_tim.o
 .text.TIM_OC3NPolarityConfig
                0x00000000       0x3c ..\obj\stm32f10x_tim.o
 .text.TIM_OC4PolarityConfig
                0x00000000       0x3c ..\obj\stm32f10x_tim.o
 .text.TIM_CCxCmd
                0x00000000       0x54 ..\obj\stm32f10x_tim.o
 .text.TIM_CCxNCmd
                0x00000000       0x54 ..\obj\stm32f10x_tim.o
 .text.TIM_SelectOCxM
                0x00000000       0xac ..\obj\stm32f10x_tim.o
 .text.TIM_UpdateDisableConfig
                0x00000000       0x40 ..\obj\stm32f10x_tim.o
 .text.TIM_UpdateRequestConfig
                0x00000000       0x40 ..\obj\stm32f10x_tim.o
 .text.TIM_SelectHallSensor
                0x00000000       0x40 ..\obj\stm32f10x_tim.o
 .text.TIM_SelectOnePulseMode
                0x00000000       0x38 ..\obj\stm32f10x_tim.o
 .text.TIM_SelectOutputTrigger
                0x00000000       0x38 ..\obj\stm32f10x_tim.o
 .text.TIM_SelectSlaveMode
                0x00000000       0x38 ..\obj\stm32f10x_tim.o
 .text.TIM_SelectMasterSlaveMode
                0x00000000       0x38 ..\obj\stm32f10x_tim.o
 .text.TIM_SetCounter
                0x00000000       0x1c ..\obj\stm32f10x_tim.o
 .text.TIM_SetAutoreload
                0x00000000       0x1c ..\obj\stm32f10x_tim.o
 .text.TIM_SetCompare1
                0x00000000       0x1c ..\obj\stm32f10x_tim.o
 .text.TIM_SetCompare2
                0x00000000       0x1c ..\obj\stm32f10x_tim.o
 .text.TIM_SetCompare3
                0x00000000       0x1c ..\obj\stm32f10x_tim.o
 .text.TIM_SetCompare4
                0x00000000       0x20 ..\obj\stm32f10x_tim.o
 .text.TIM_SetIC1Prescaler
                0x00000000       0x38 ..\obj\stm32f10x_tim.o
 .text.TIM_SetIC2Prescaler
                0x00000000       0x3c ..\obj\stm32f10x_tim.o
 .text.TIM_SetIC3Prescaler
                0x00000000       0x38 ..\obj\stm32f10x_tim.o
 .text.TIM_SetIC4Prescaler
                0x00000000       0x3c ..\obj\stm32f10x_tim.o
 .text.TIM_SetClockDivision
                0x00000000       0x38 ..\obj\stm32f10x_tim.o
 .text.TIM_GetCapture1
                0x00000000       0x1c ..\obj\stm32f10x_tim.o
 .text.TIM_GetCapture2
                0x00000000       0x1c ..\obj\stm32f10x_tim.o
 .text.TIM_GetCapture3
                0x00000000       0x1c ..\obj\stm32f10x_tim.o
 .text.TIM_GetCapture4
                0x00000000       0x1c ..\obj\stm32f10x_tim.o
 .text.TIM_GetCounter
                0x00000000       0x1c ..\obj\stm32f10x_tim.o
 .text.TIM_GetPrescaler
                0x00000000       0x1c ..\obj\stm32f10x_tim.o
 .text.TIM_GetFlagStatus
                0x00000000       0x38 ..\obj\stm32f10x_tim.o
 .text.TIM_ClearFlag
                0x00000000       0x20 ..\obj\stm32f10x_tim.o
 .text.TIM_GetITStatus
                0x00000000       0x54 ..\obj\stm32f10x_tim.o
 .text.TIM_ClearITPendingBit
                0x00000000       0x20 ..\obj\stm32f10x_tim.o
 .text.TI1_Config
                0x00000000       0xe0 ..\obj\stm32f10x_tim.o
 .text.TI2_Config
                0x00000000       0xf4 ..\obj\stm32f10x_tim.o
 .text.TI3_Config
                0x00000000       0xec ..\obj\stm32f10x_tim.o
 .text.TI4_Config
                0x00000000       0xf8 ..\obj\stm32f10x_tim.o
 .debug_info    0x00000000     0x1c58 ..\obj\stm32f10x_tim.o
 .debug_abbrev  0x00000000      0x1b0 ..\obj\stm32f10x_tim.o
 .debug_aranges
                0x00000000      0x2f0 ..\obj\stm32f10x_tim.o
 .debug_ranges  0x00000000      0x2e0 ..\obj\stm32f10x_tim.o
 .debug_line    0x00000000      0xbf7 ..\obj\stm32f10x_tim.o
 .debug_str     0x00000000      0xe2d ..\obj\stm32f10x_tim.o
 .comment       0x00000000       0x71 ..\obj\stm32f10x_tim.o
 .debug_frame   0x00000000      0xe2c ..\obj\stm32f10x_tim.o
 .ARM.attributes
                0x00000000       0x33 ..\obj\stm32f10x_tim.o
 .text          0x00000000        0x0 ..\obj\system_stm32f10x.o
 .bss           0x00000000        0x0 ..\obj\system_stm32f10x.o
 .text          0x00000000        0x0 ..\obj\startup_stm32f10x_md.o
 .data          0x00000000        0x0 ..\obj\startup_stm32f10x_md.o
 .bss           0x00000000        0x0 ..\obj\startup_stm32f10x_md.o
 .text          0x00000000        0x0 ..\obj\stm32f10x_gpio.o
 .data          0x00000000        0x0 ..\obj\stm32f10x_gpio.o
 .bss           0x00000000        0x0 ..\obj\stm32f10x_gpio.o
 .text.GPIO_DeInit
                0x00000000       0xe4 ..\obj\stm32f10x_gpio.o
 .text.GPIO_AFIODeInit
                0x00000000       0x18 ..\obj\stm32f10x_gpio.o
 .text.GPIO_StructInit
                0x00000000       0x28 ..\obj\stm32f10x_gpio.o
 .text.GPIO_ReadInputDataBit
                0x00000000       0x34 ..\obj\stm32f10x_gpio.o
 .text.GPIO_ReadInputData
                0x00000000       0x1c ..\obj\stm32f10x_gpio.o
 .text.GPIO_ReadOutputDataBit
                0x00000000       0x34 ..\obj\stm32f10x_gpio.o
 .text.GPIO_ReadOutputData
                0x00000000       0x1c ..\obj\stm32f10x_gpio.o
 .text.GPIO_ResetBits
                0x00000000       0x1c ..\obj\stm32f10x_gpio.o
 .text.GPIO_WriteBit
                0x00000000       0x30 ..\obj\stm32f10x_gpio.o
 .text.GPIO_Write
                0x00000000       0x1c ..\obj\stm32f10x_gpio.o
 .text.GPIO_PinLockConfig
                0x00000000       0x44 ..\obj\stm32f10x_gpio.o
 .text.GPIO_EventOutputConfig
                0x00000000       0x4c ..\obj\stm32f10x_gpio.o
 .text.GPIO_EventOutputCmd
                0x00000000       0x20 ..\obj\stm32f10x_gpio.o
 .text.GPIO_PinRemapConfig
                0x00000000       0xe0 ..\obj\stm32f10x_gpio.o
 .text.GPIO_EXTILineConfig
                0x00000000       0x84 ..\obj\stm32f10x_gpio.o
 .text.GPIO_ETH_MediaInterfaceConfig
                0x00000000       0x1c ..\obj\stm32f10x_gpio.o
 .text          0x00000000        0x0 ..\obj\main.o
 .text.PWM_Init
                0x00000000       0x88 ..\obj\main.o
 .text.set_position
                0x00000000       0x1c ..\obj\main.o
 .text.Delay_Nus
                0x00000000       0x3c ..\obj\main.o
 .text          0x00000000        0x0 ..\obj\stm32f10x_rcc.o
 .bss           0x00000000        0x0 ..\obj\stm32f10x_rcc.o
 .text.RCC_DeInit
                0x00000000       0x5c ..\obj\stm32f10x_rcc.o
 .text.RCC_HSEConfig
                0x00000000       0x5c ..\obj\stm32f10x_rcc.o
 .text.RCC_WaitForHSEStartUp
                0x00000000       0x50 ..\obj\stm32f10x_rcc.o
 .text.RCC_AdjustHSICalibrationValue
                0x00000000       0x3c ..\obj\stm32f10x_rcc.o
 .text.RCC_HSICmd
                0x00000000       0x20 ..\obj\stm32f10x_rcc.o
 .text.RCC_PLLConfig
                0x00000000       0x3c ..\obj\stm32f10x_rcc.o
 .text.RCC_PLLCmd
                0x00000000       0x20 ..\obj\stm32f10x_rcc.o
 .text.RCC_SYSCLKConfig
                0x00000000       0x38 ..\obj\stm32f10x_rcc.o
 .text.RCC_GetSYSCLKSource
                0x00000000       0x20 ..\obj\stm32f10x_rcc.o
 .text.RCC_HCLKConfig
                0x00000000       0x38 ..\obj\stm32f10x_rcc.o
 .text.RCC_PCLK1Config
                0x00000000       0x38 ..\obj\stm32f10x_rcc.o
 .text.RCC_PCLK2Config
                0x00000000       0x38 ..\obj\stm32f10x_rcc.o
 .text.RCC_ITConfig
                0x00000000       0x4c ..\obj\stm32f10x_rcc.o
 .text.RCC_USBCLKConfig
                0x00000000       0x1c ..\obj\stm32f10x_rcc.o
 .text.RCC_ADCCLKConfig
                0x00000000       0x38 ..\obj\stm32f10x_rcc.o
 .text.RCC_LSEConfig
                0x00000000       0x40 ..\obj\stm32f10x_rcc.o
 .text.RCC_LSICmd
                0x00000000       0x20 ..\obj\stm32f10x_rcc.o
 .text.RCC_RTCCLKConfig
                0x00000000       0x24 ..\obj\stm32f10x_rcc.o
 .text.RCC_RTCCLKCmd
                0x00000000       0x20 ..\obj\stm32f10x_rcc.o
 .text.RCC_AHBPeriphClockCmd
                0x00000000       0x3c ..\obj\stm32f10x_rcc.o
 .text.RCC_APB2PeriphClockCmd
                0x00000000       0x3c ..\obj\stm32f10x_rcc.o
 .text.RCC_APB1PeriphClockCmd
                0x00000000       0x3c ..\obj\stm32f10x_rcc.o
 .text.RCC_APB2PeriphResetCmd
                0x00000000       0x3c ..\obj\stm32f10x_rcc.o
 .text.RCC_APB1PeriphResetCmd
                0x00000000       0x3c ..\obj\stm32f10x_rcc.o
 .text.RCC_BackupResetCmd
                0x00000000       0x20 ..\obj\stm32f10x_rcc.o
 .text.RCC_ClockSecuritySystemCmd
                0x00000000       0x20 ..\obj\stm32f10x_rcc.o
 .text.RCC_MCOConfig
                0x00000000       0x20 ..\obj\stm32f10x_rcc.o
 .text.RCC_GetFlagStatus
                0x00000000       0x74 ..\obj\stm32f10x_rcc.o
 .text.RCC_ClearFlag
                0x00000000       0x1c ..\obj\stm32f10x_rcc.o
 .text.RCC_GetITStatus
                0x00000000       0x38 ..\obj\stm32f10x_rcc.o
 .text.RCC_ClearITPendingBit
                0x00000000       0x20 ..\obj\stm32f10x_rcc.o
 .text          0x00000000        0x0 ..\obj\stm32f10x_usart.o
 .data          0x00000000        0x0 ..\obj\stm32f10x_usart.o
 .bss           0x00000000        0x0 ..\obj\stm32f10x_usart.o
 .text.USART_DeInit
                0x00000000       0xb8 ..\obj\stm32f10x_usart.o
 .text.USART_StructInit
                0x00000000       0x38 ..\obj\stm32f10x_usart.o
 .text.USART_ClockInit
                0x00000000       0x58 ..\obj\stm32f10x_usart.o
 .text.USART_ClockStructInit
                0x00000000       0x2c ..\obj\stm32f10x_usart.o
 .text.USART_DMACmd
                0x00000000       0x48 ..\obj\stm32f10x_usart.o
 .text.USART_SetAddress
                0x00000000       0x38 ..\obj\stm32f10x_usart.o
 .text.USART_WakeUpConfig
                0x00000000       0x38 ..\obj\stm32f10x_usart.o
 .text.USART_ReceiverWakeUpCmd
                0x00000000       0x40 ..\obj\stm32f10x_usart.o
 .text.USART_LINBreakDetectLengthConfig
                0x00000000       0x38 ..\obj\stm32f10x_usart.o
 .text.USART_LINCmd
                0x00000000       0x40 ..\obj\stm32f10x_usart.o
 .text.USART_SendBreak
                0x00000000       0x24 ..\obj\stm32f10x_usart.o
 .text.USART_SetGuardTime
                0x00000000       0x3c ..\obj\stm32f10x_usart.o
 .text.USART_SetPrescaler
                0x00000000       0x38 ..\obj\stm32f10x_usart.o
 .text.USART_SmartCardCmd
                0x00000000       0x40 ..\obj\stm32f10x_usart.o
 .text.USART_SmartCardNACKCmd
                0x00000000       0x40 ..\obj\stm32f10x_usart.o
 .text.USART_HalfDuplexCmd
                0x00000000       0x40 ..\obj\stm32f10x_usart.o
 .text.USART_OverSampling8Cmd
                0x00000000       0x44 ..\obj\stm32f10x_usart.o
 .text.USART_OneBitMethodCmd
                0x00000000       0x40 ..\obj\stm32f10x_usart.o
 .text.USART_IrDAConfig
                0x00000000       0x38 ..\obj\stm32f10x_usart.o
 .text.USART_IrDACmd
                0x00000000       0x40 ..\obj\stm32f10x_usart.o
 .text.USART_ClearFlag
                0x00000000       0x20 ..\obj\stm32f10x_usart.o
 .text.USART_ClearITPendingBit
                0x00000000       0x38 ..\obj\stm32f10x_usart.o
 .text          0x00000000        0x0 ..\obj\misc.o
 .data          0x00000000        0x0 ..\obj\misc.o
 .bss           0x00000000        0x0 ..\obj\misc.o
 .text.NVIC_SetVectorTable
                0x00000000       0x2c ..\obj\misc.o
 .text.NVIC_SystemLPConfig
                0x00000000       0x40 ..\obj\misc.o
 .text.SysTick_CLKSourceConfig
                0x00000000       0x38 ..\obj\misc.o
 .text          0x00000000        0x0 ..\obj\stm32f10x_i2c.o
 .data          0x00000000        0x0 ..\obj\stm32f10x_i2c.o
 .bss           0x00000000        0x0 ..\obj\stm32f10x_i2c.o
 .text.I2C_DeInit
                0x00000000       0x44 ..\obj\stm32f10x_i2c.o
 .text.I2C_StructInit
                0x00000000       0x3c ..\obj\stm32f10x_i2c.o
 .text.I2C_DMACmd
                0x00000000       0x40 ..\obj\stm32f10x_i2c.o
 .text.I2C_DMALastTransferCmd
                0x00000000       0x40 ..\obj\stm32f10x_i2c.o
 .text.I2C_OwnAddress2Config
                0x00000000       0x40 ..\obj\stm32f10x_i2c.o
 .text.I2C_DualAddressCmd
                0x00000000       0x40 ..\obj\stm32f10x_i2c.o
 .text.I2C_GeneralCallCmd
                0x00000000       0x40 ..\obj\stm32f10x_i2c.o
 .text.I2C_ITConfig
                0x00000000       0x48 ..\obj\stm32f10x_i2c.o
 .text.I2C_ReadRegister
                0x00000000       0x30 ..\obj\stm32f10x_i2c.o
 .text.I2C_SoftwareResetCmd
                0x00000000       0x44 ..\obj\stm32f10x_i2c.o
 .text.I2C_SMBusAlertConfig
                0x00000000       0x40 ..\obj\stm32f10x_i2c.o
 .text.I2C_TransmitPEC
                0x00000000       0x40 ..\obj\stm32f10x_i2c.o
 .text.I2C_PECPositionConfig
                0x00000000       0x40 ..\obj\stm32f10x_i2c.o
 .text.I2C_CalculatePEC
                0x00000000       0x40 ..\obj\stm32f10x_i2c.o
 .text.I2C_GetPEC
                0x00000000       0x20 ..\obj\stm32f10x_i2c.o
 .text.I2C_ARPCmd
                0x00000000       0x40 ..\obj\stm32f10x_i2c.o
 .text.I2C_StretchClockCmd
                0x00000000       0x40 ..\obj\stm32f10x_i2c.o
 .text.I2C_FastModeDutyCycleConfig
                0x00000000       0x40 ..\obj\stm32f10x_i2c.o
 .text.I2C_GetLastEvent
                0x00000000       0x44 ..\obj\stm32f10x_i2c.o
 .text.I2C_ClearFlag
                0x00000000       0x2c ..\obj\stm32f10x_i2c.o
 .text.I2C_GetITStatus
                0x00000000       0x5c ..\obj\stm32f10x_i2c.o
 .text.I2C_ClearITPendingBit
                0x00000000       0x2c ..\obj\stm32f10x_i2c.o
 .data          0x00000000        0x0 c:/program files (x86)/gnu tools arm embedded/4.9 2014q4/bin/../lib/gcc/arm-none-eabi/4.9.3/armv7-m\libgcc.a(_aeabi_uldivmod.o)
 .bss           0x00000000        0x0 c:/program files (x86)/gnu tools arm embedded/4.9 2014q4/bin/../lib/gcc/arm-none-eabi/4.9.3/armv7-m\libgcc.a(_aeabi_uldivmod.o)
 .data          0x00000000        0x0 c:/program files (x86)/gnu tools arm embedded/4.9 2014q4/bin/../lib/gcc/arm-none-eabi/4.9.3/armv7-m\libgcc.a(bpabi.o)
 .bss           0x00000000        0x0 c:/program files (x86)/gnu tools arm embedded/4.9 2014q4/bin/../lib/gcc/arm-none-eabi/4.9.3/armv7-m\libgcc.a(bpabi.o)
 .data          0x00000000        0x0 c:/program files (x86)/gnu tools arm embedded/4.9 2014q4/bin/../lib/gcc/arm-none-eabi/4.9.3/armv7-m\libgcc.a(_dvmd_tls.o)
 .bss           0x00000000        0x0 c:/program files (x86)/gnu tools arm embedded/4.9 2014q4/bin/../lib/gcc/arm-none-eabi/4.9.3/armv7-m\libgcc.a(_dvmd_tls.o)
 .data          0x00000000        0x0 c:/program files (x86)/gnu tools arm embedded/4.9 2014q4/bin/../lib/gcc/arm-none-eabi/4.9.3/armv7-m\libgcc.a(_divdi3.o)
 .bss           0x00000000        0x0 c:/program files (x86)/gnu tools arm embedded/4.9 2014q4/bin/../lib/gcc/arm-none-eabi/4.9.3/armv7-m\libgcc.a(_divdi3.o)
 .ARM.extab     0x00000000        0x0 c:/program files (x86)/gnu tools arm embedded/4.9 2014q4/bin/../lib/gcc/arm-none-eabi/4.9.3/armv7-m\libgcc.a(_divdi3.o)
 .data          0x00000000        0x0 c:/program files (x86)/gnu tools arm embedded/4.9 2014q4/bin/../lib/gcc/arm-none-eabi/4.9.3/armv7-m\libgcc.a(_udivdi3.o)
 .bss           0x00000000        0x0 c:/program files (x86)/gnu tools arm embedded/4.9 2014q4/bin/../lib/gcc/arm-none-eabi/4.9.3/armv7-m\libgcc.a(_udivdi3.o)
 .ARM.extab     0x00000000        0x0 c:/program files (x86)/gnu tools arm embedded/4.9 2014q4/bin/../lib/gcc/arm-none-eabi/4.9.3/armv7-m\libgcc.a(_udivdi3.o)
 .text          0x00000000        0x0 c:/program files (x86)/gnu tools arm embedded/4.9 2014q4/bin/../lib/gcc/arm-none-eabi/4.9.3/../../../../arm-none-eabi/lib/armv7-m\libg.a(lib_a-memset.o)
 .data          0x00000000        0x0 c:/program files (x86)/gnu tools arm embedded/4.9 2014q4/bin/../lib/gcc/arm-none-eabi/4.9.3/../../../../arm-none-eabi/lib/armv7-m\libg.a(lib_a-memset.o)
 .bss           0x00000000        0x0 c:/program files (x86)/gnu tools arm embedded/4.9 2014q4/bin/../lib/gcc/arm-none-eabi/4.9.3/../../../../arm-none-eabi/lib/armv7-m\libg.a(lib_a-memset.o)
 .text          0x00000000        0x0 c:/program files (x86)/gnu tools arm embedded/4.9 2014q4/bin/../lib/gcc/arm-none-eabi/4.9.3/../../../../arm-none-eabi/lib/armv7-m\libg.a(lib_a-strcpy.o)
 .data          0x00000000        0x0 c:/program files (x86)/gnu tools arm embedded/4.9 2014q4/bin/../lib/gcc/arm-none-eabi/4.9.3/../../../../arm-none-eabi/lib/armv7-m\libg.a(lib_a-strcpy.o)
 .bss           0x00000000        0x0 c:/program files (x86)/gnu tools arm embedded/4.9 2014q4/bin/../lib/gcc/arm-none-eabi/4.9.3/../../../../arm-none-eabi/lib/armv7-m\libg.a(lib_a-strcpy.o)
 .text          0x00000000        0x0 c:/program files (x86)/gnu tools arm embedded/4.9 2014q4/bin/../lib/gcc/arm-none-eabi/4.9.3/../../../../arm-none-eabi/lib/armv7-m\libg.a(lib_a-strlen.o)
 .data          0x00000000        0x0 c:/program files (x86)/gnu tools arm embedded/4.9 2014q4/bin/../lib/gcc/arm-none-eabi/4.9.3/../../../../arm-none-eabi/lib/armv7-m\libg.a(lib_a-strlen.o)
 .bss           0x00000000        0x0 c:/program files (x86)/gnu tools arm embedded/4.9 2014q4/bin/../lib/gcc/arm-none-eabi/4.9.3/../../../../arm-none-eabi/lib/armv7-m\libg.a(lib_a-strlen.o)

Memory Configuration

Name             Origin             Length             Attributes
rom              0x08000000         0x00010000         xr
ram              0x20000000         0x00005000         xrw
*default*        0x00000000         0xffffffff

Linker script and memory map

                0x20005000                _eram = 0x20005000

.text           0x08000000     0x2e08
 *(.isr_vector)
 .isr_vector    0x08000000      0x10c ..\obj\startup_stm32f10x_md.o
                0x08000000                g_pfnVectors
 *(.text*)
 .text.SystemInit
                0x0800010c       0x68 ..\obj\system_stm32f10x.o
                0x0800010c                SystemInit
 .text.SystemCoreClockUpdate
                0x08000174       0xdc ..\obj\system_stm32f10x.o
                0x08000174                SystemCoreClockUpdate
 .text.SetSysClock
                0x08000250        0xc ..\obj\system_stm32f10x.o
 .text.SetSysClockTo72
                0x0800025c      0x100 ..\obj\system_stm32f10x.o
 .text.Default_Reset_Handler
                0x0800035c       0x5c ..\obj\startup_stm32f10x_md.o
                0x0800035c                Default_Reset_Handler
                0x0800035c                Reset_Handler
 .text.Default_Handler
                0x080003b8        0x8 ..\obj\startup_stm32f10x_md.o
                0x080003b8                EXTI2_IRQHandler
                0x080003b8                DebugMon_Handler
                0x080003b8                TIM1_CC_IRQHandler
                0x080003b8                HardFault_Handler
                0x080003b8                PVD_IRQHandler
                0x080003b8                PendSV_Handler
                0x080003b8                NMI_Handler
                0x080003b8                EXTI3_IRQHandler
                0x080003b8                EXTI0_IRQHandler
                0x080003b8                I2C2_EV_IRQHandler
                0x080003b8                UsageFault_Handler
                0x080003b8                ADC1_2_IRQHandler
                0x080003b8                SPI1_IRQHandler
                0x080003b8                TAMPER_IRQHandler
                0x080003b8                DMA1_Channel4_IRQHandler
                0x080003b8                USART3_IRQHandler
                0x080003b8                RTC_IRQHandler
                0x080003b8                DMA1_Channel7_IRQHandler
                0x080003b8                CAN1_RX1_IRQHandler
                0x080003b8                TIM4_IRQHandler
                0x080003b8                I2C1_EV_IRQHandler
                0x080003b8                DMA1_Channel6_IRQHandler
                0x080003b8                TIM3_IRQHandler
                0x080003b8                RCC_IRQHandler
                0x080003b8                TIM1_TRG_COM_IRQHandler
                0x080003b8                DMA1_Channel1_IRQHandler
                0x080003b8                EXTI15_10_IRQHandler
                0x080003b8                EXTI9_5_IRQHandler
                0x080003b8                SPI2_IRQHandler
                0x080003b8                MemManage_Handler
                0x080003b8                SVC_Handler
                0x080003b8                DMA1_Channel5_IRQHandler
                0x080003b8                EXTI4_IRQHandler
                0x080003b8                USB_LP_CAN1_RX0_IRQHandler
                0x080003b8                USB_HP_CAN1_TX_IRQHandler
                0x080003b8                DMA1_Channel3_IRQHandler
                0x080003b8                TIM1_UP_IRQHandler
                0x080003b8                WWDG_IRQHandler
                0x080003b8                TIM2_IRQHandler
                0x080003b8                TIM1_BRK_IRQHandler
                0x080003b8                EXTI1_IRQHandler
                0x080003b8                RTCAlarm_IRQHandler
                0x080003b8                USART2_IRQHandler
                0x080003b8                I2C2_ER_IRQHandler
                0x080003b8                DMA1_Channel2_IRQHandler
                0x080003b8                CAN1_SCE_IRQHandler
                0x080003b8                FLASH_IRQHandler
                0x080003b8                BusFault_Handler
                0x080003b8                I2C1_ER_IRQHandler
                0x080003b8                USBWakeUp_IRQHandler
 .text.GPIO_Init
                0x080003c0      0x180 ..\obj\stm32f10x_gpio.o
                0x080003c0                GPIO_Init
 .text.GPIO_SetBits
                0x08000540       0x1c ..\obj\stm32f10x_gpio.o
                0x08000540                GPIO_SetBits
 .text.NVIC_SetPriority
                0x0800055c       0x54 ..\obj\main.o
 .text.SysTick_Config
                0x080005b0       0x44 ..\obj\main.o
 .text.SysTick_Handler
                0x080005f4       0x1c ..\obj\main.o
                0x080005f4                SysTick_Handler
 .text.msInit   0x08000610       0x30 ..\obj\main.o
                0x08000610                msInit
 .text.simpleForDelay
                0x08000640       0x28 ..\obj\main.o
                0x08000640                simpleForDelay
 .text.rcc_init
                0x08000668       0x58 ..\obj\main.o
                0x08000668                rcc_init
 .text.gpio_init
                0x080006c0       0x90 ..\obj\main.o
                0x080006c0                gpio_init
 .text.uart_init
                0x08000750       0x54 ..\obj\main.o
                0x08000750                uart_init
 .text.nvic_init
                0x080007a4       0x2c ..\obj\main.o
                0x080007a4                nvic_init
 .text.i2c_init
                0x080007d0       0x44 ..\obj\main.o
                0x080007d0                i2c_init
 .text.crc_init
                0x08000814       0x6c ..\obj\main.o
                0x08000814                crc_init
 .text.USART1_IRQHandler
                0x08000880       0xdc ..\obj\main.o
                0x08000880                USART1_IRQHandler
 .text.unstuck  0x0800095c       0xb0 ..\obj\main.o
                0x0800095c                unstuck
 .text.select_port
                0x08000a0c      0x100 ..\obj\main.o
                0x08000a0c                select_port
 .text.apds9930_write
                0x08000b0c      0x130 ..\obj\main.o
                0x08000b0c                apds9930_write
 .text.apds9930_init
                0x08000c3c       0x28 ..\obj\main.o
                0x08000c3c                apds9930_init
 .text.apds9930_read
                0x08000c64      0x1b8 ..\obj\main.o
                0x08000c64                apds9930_read
 .text.crcFast  0x08000e1c       0x60 ..\obj\main.o
                0x08000e1c                crcFast
 .text.pow10    0x08000e7c       0x5c ..\obj\main.o
                0x08000e7c                pow10
 .text.correct  0x08000ed8       0x7c ..\obj\main.o
                0x08000ed8                correct
 .text.json     0x08000f54      0x28c ..\obj\main.o
                0x08000f54                json
 .text.goto_next_ABox
                0x080011e0       0x28 ..\obj\main.o
                0x080011e0                goto_next_ABox
 .text.abox_reset_values
                0x08001208       0x8c ..\obj\main.o
                0x08001208                abox_reset_values
 .text.abox_communication
                0x08001294      0x214 ..\obj\main.o
                0x08001294                abox_communication
 .text.append   0x080014a8       0x3c ..\obj\main.o
                0x080014a8                append
 .text.decombined
                0x080014e4       0xc4 ..\obj\main.o
                0x080014e4                decombined
 .text.send_char
                0x080015a8       0x30 ..\obj\main.o
                0x080015a8                send_char
 .text.send_string
                0x080015d8       0x28 ..\obj\main.o
                0x080015d8                send_string
 .text.add      0x08001600       0x2c ..\obj\main.o
                0x08001600                add
 .text.fill_buffer
                0x0800162c      0x3c4 ..\obj\main.o
                0x0800162c                fill_buffer
 .text.rpi_communication
                0x080019f0      0x244 ..\obj\main.o
                0x080019f0                rpi_communication
 .text.main     0x08001c34       0x9c ..\obj\main.o
                0x08001c34                main
 .text.RCC_GetClocksFreq
                0x08001cd0      0x164 ..\obj\stm32f10x_rcc.o
                0x08001cd0                RCC_GetClocksFreq
 .text.USART_Init
                0x08001e34      0x174 ..\obj\stm32f10x_usart.o
                0x08001e34                USART_Init
 .text.USART_Cmd
                0x08001fa8       0x40 ..\obj\stm32f10x_usart.o
                0x08001fa8                USART_Cmd
 .text.USART_ITConfig
                0x08001fe8       0x90 ..\obj\stm32f10x_usart.o
                0x08001fe8                USART_ITConfig
 .text.USART_SendData
                0x08002078       0x24 ..\obj\stm32f10x_usart.o
                0x08002078                USART_SendData
 .text.USART_ReceiveData
                0x0800209c       0x20 ..\obj\stm32f10x_usart.o
                0x0800209c                USART_ReceiveData
 .text.USART_GetFlagStatus
                0x080020bc       0x38 ..\obj\stm32f10x_usart.o
                0x080020bc                USART_GetFlagStatus
 .text.USART_GetITStatus
                0x080020f4       0xb8 ..\obj\stm32f10x_usart.o
                0x080020f4                USART_GetITStatus
 .text.NVIC_PriorityGroupConfig
                0x080021ac       0x24 ..\obj\misc.o
                0x080021ac                NVIC_PriorityGroupConfig
 .text.NVIC_Init
                0x080021d0       0xc4 ..\obj\misc.o
                0x080021d0                NVIC_Init
 .text.I2C_Init
                0x08002294      0x184 ..\obj\stm32f10x_i2c.o
                0x08002294                I2C_Init
 .text.I2C_Cmd  0x08002418       0x40 ..\obj\stm32f10x_i2c.o
                0x08002418                I2C_Cmd
 .text.I2C_GenerateSTART
                0x08002458       0x40 ..\obj\stm32f10x_i2c.o
                0x08002458                I2C_GenerateSTART
 .text.I2C_GenerateSTOP
                0x08002498       0x40 ..\obj\stm32f10x_i2c.o
                0x08002498                I2C_GenerateSTOP
 .text.I2C_AcknowledgeConfig
                0x080024d8       0x40 ..\obj\stm32f10x_i2c.o
                0x080024d8                I2C_AcknowledgeConfig
 .text.I2C_SendData
                0x08002518       0x20 ..\obj\stm32f10x_i2c.o
                0x08002518                I2C_SendData
 .text.I2C_ReceiveData
                0x08002538       0x1c ..\obj\stm32f10x_i2c.o
                0x08002538                I2C_ReceiveData
 .text.I2C_Send7bitAddress
                0x08002554       0x3c ..\obj\stm32f10x_i2c.o
                0x08002554                I2C_Send7bitAddress
 .text.I2C_NACKPositionConfig
                0x08002590       0x40 ..\obj\stm32f10x_i2c.o
                0x08002590                I2C_NACKPositionConfig
 .text.I2C_CheckEvent
                0x080025d0       0x60 ..\obj\stm32f10x_i2c.o
                0x080025d0                I2C_CheckEvent
 .text.I2C_GetFlagStatus
                0x08002630       0x68 ..\obj\stm32f10x_i2c.o
                0x08002630                I2C_GetFlagStatus
 .text          0x08002698       0x2c c:/program files (x86)/gnu tools arm embedded/4.9 2014q4/bin/../lib/gcc/arm-none-eabi/4.9.3/armv7-m\libgcc.a(_aeabi_uldivmod.o)
                0x08002698                __aeabi_uldivmod
 .text          0x080026c4       0x60 c:/program files (x86)/gnu tools arm embedded/4.9 2014q4/bin/../lib/gcc/arm-none-eabi/4.9.3/armv7-m\libgcc.a(bpabi.o)
                0x080026c4                __gnu_ldivmod_helper
                0x080026f4                __gnu_uldivmod_helper
 .text          0x08002724        0x4 c:/program files (x86)/gnu tools arm embedded/4.9 2014q4/bin/../lib/gcc/arm-none-eabi/4.9.3/armv7-m\libgcc.a(_dvmd_tls.o)
                0x08002724                __aeabi_idiv0
                0x08002724                __aeabi_ldiv0
 .text          0x08002728      0x2ac c:/program files (x86)/gnu tools arm embedded/4.9 2014q4/bin/../lib/gcc/arm-none-eabi/4.9.3/armv7-m\libgcc.a(_divdi3.o)
                0x08002728                __divdi3
 .text          0x080029d4      0x270 c:/program files (x86)/gnu tools arm embedded/4.9 2014q4/bin/../lib/gcc/arm-none-eabi/4.9.3/armv7-m\libgcc.a(_udivdi3.o)
                0x080029d4                __udivdi3
 .text.memset   0x08002c44       0x9c c:/program files (x86)/gnu tools arm embedded/4.9 2014q4/bin/../lib/gcc/arm-none-eabi/4.9.3/../../../../arm-none-eabi/lib/armv7-m\libg.a(lib_a-memset.o)
                0x08002c44                memset
 .text.strcpy   0x08002ce0       0xbc c:/program files (x86)/gnu tools arm embedded/4.9 2014q4/bin/../lib/gcc/arm-none-eabi/4.9.3/../../../../arm-none-eabi/lib/armv7-m\libg.a(lib_a-strcpy.o)
                0x08002ce0                strcpy
 .text.strlen   0x08002d9c       0x5c c:/program files (x86)/gnu tools arm embedded/4.9 2014q4/bin/../lib/gcc/arm-none-eabi/4.9.3/../../../../arm-none-eabi/lib/armv7-m\libg.a(lib_a-strlen.o)
                0x08002d9c                strlen
 *(.init)
 *(.fini)
 *crtbegin.o(.ctors)
 *crtbegin?.o(.ctors)
 *(EXCLUDE_FILE(*crtend.o *crtend?.o) .ctors)
 *(SORT(.ctors.*))
 *(.ctors)
 *crtbegin.o(.dtors)
 *crtbegin?.o(.dtors)
 *(EXCLUDE_FILE(*crtend.o *crtend?.o) .dtors)
 *(SORT(.dtors.*))
 *(.dtors)
 *(.rodata*)
 .rodata        0x08002df8       0x10 ..\obj\main.o
 *(.eh_fram e*)

.glue_7         0x08002e08        0x0
 .glue_7        0x00000000        0x0 linker stubs

.glue_7t        0x08002e08        0x0
 .glue_7t       0x00000000        0x0 linker stubs

.vfp11_veneer   0x08002e08        0x0
 .vfp11_veneer  0x00000000        0x0 linker stubs

.v4_bx          0x08002e08        0x0
 .v4_bx         0x00000000        0x0 linker stubs

.iplt           0x08002e08        0x0
 .iplt          0x00000000        0x0 ..\obj\stm32f10x_tim.o

.ARM.extab
 *(.ARM.extab* .gnu.linkonce.armextab.*)
                0x08002e08                __exidx_start = .

.ARM.exidx      0x08002e08        0x8
 *(.ARM.exidx* .gnu.linkonce.armexidx.*)
 .ARM.exidx     0x08002e08        0x8 c:/program files (x86)/gnu tools arm embedded/4.9 2014q4/bin/../lib/gcc/arm-none-eabi/4.9.3/armv7-m\libgcc.a(_divdi3.o)
 .ARM.exidx     0x08002e10        0x0 c:/program files (x86)/gnu tools arm embedded/4.9 2014q4/bin/../lib/gcc/arm-none-eabi/4.9.3/armv7-m\libgcc.a(_udivdi3.o)
                                  0x8 (size before relaxing)
                0x08002e10                __exidx_end = .
                0x08002e10                __etext = .
                0x08002e10                _sidata = __etext

.rel.dyn        0x08002e10        0x0
 .rel.iplt      0x00000000        0x0 ..\obj\stm32f10x_tim.o

.data           0x20000000       0x54 load address 0x08002e10
                0x20000000                __data_start__ = .
                0x20000000                _sdata = __data_start__
 *(vtable)
 *(.data*)
 .data          0x20000000       0x14 ..\obj\system_stm32f10x.o
                0x20000000                SystemCoreClock
                0x20000004                AHBPrescTable
 .data          0x20000014       0x2c ..\obj\main.o
                0x20000014                abox_communication_state
                0x20000018                channel_select
                0x20000038                rpi_communication_state
                0x2000003c                rpi_communication_select
 .data          0x20000040       0x14 ..\obj\stm32f10x_rcc.o
                0x20000054                . = ALIGN (0x4)
                0x20000054                PROVIDE (__preinit_array_start, .)
 *(.preinit_array)
                0x20000054                PROVIDE (__preinit_array_end, .)
                0x20000054                . = ALIGN (0x4)
                0x20000054                PROVIDE (__init_array_start, .)
 *(SORT(.init_array.*))
 *(.init_array)
                0x20000054                PROVIDE (__init_array_end, .)
                0x20000054                . = ALIGN (0x4)
                0x20000054                PROVIDE (__fini_array_start, .)
 *(SORT(.fini_array.*))
 *(.fini_array)
                0x20000054                PROVIDE (__fini_array_end, .)
 *(.jcr*)
                0x20000054                . = ALIGN (0x4)
                0x20000054                __data_end__ = .
                0x20000054                _edata = __data_end__

.igot.plt       0x20000054        0x0 load address 0x08002e64
 .igot.plt      0x00000000        0x0 ..\obj\stm32f10x_tim.o

.bss            0x20000058     0x128c load address 0x08002e68
                0x20000058                . = ALIGN (0x4)
                0x20000058                __bss_start__ = .
                0x20000058                _sbss = __bss_start__
 *(.bss*)
 .bss           0x20000058       0x20 ..\obj\main.o
                0x20000058                crc_check_bytes
                0x2000005c                received
                0x20000060                status_buffer
                0x20000064                abox_communication_select
                0x20000068                TX_buffer_counter
                0x2000006c                buffer_done
                0x2000006e                send
                0x20000070                rpi_abox_communication_select
                0x20000072                rpi_nTry
                0x20000074                i2c_nTry
 *(COMMON)
 COMMON         0x20000078     0x126c ..\obj\main.o
                0x20000078                RX_buffer_counter
                0x2000007c                TX_buffer
                0x20000144                msTicks
                0x20000148                abox_timer
                0x2000014c                crc_check
                0x20000150                crcTable
                0x20000350                RX_buffer
                0x20000418                ABox
                0x200012d8                RX_rpi
                0x200012dc                millis
                0x200012e4                . = ALIGN (0x4)
                0x200012e4                __bss_end__ = .
                0x200012e4                _ebss = __bss_end__

.heap           0x200012e4        0x0
                0x200012e4                __end__ = .
                0x200012e4                _end = __end__
                0x200012e4                end = __end__
 *(.heap*)
                0x200012e4                __HeapLimit = .

.co_stack       0x200012e4      0x404 load address 0x080040f4
                0x200012e8                . = ALIGN (0x8)
 *fill*         0x200012e4        0x4 
 *(.co_stack .co_stack.*)
 .co_stack      0x200012e8      0x400 ..\obj\startup_stm32f10x_md.o
                0x200012e8                pulStack
                0x20005000                __StackTop = (ORIGIN (ram) + 0x5000)
                0x20004bfc                __StackLimit = (__StackTop - SIZEOF (.co_stack))
                0x20005000                PROVIDE (__stack, __StackTop)
                0x00000001                ASSERT ((__StackLimit >= __HeapLimit), region ram  overflowed with stack)
LOAD ..\obj\stm32f10x_tim.o
LOAD ..\obj\system_stm32f10x.o
LOAD ..\obj\startup_stm32f10x_md.o
LOAD ..\obj\stm32f10x_gpio.o
LOAD ..\obj\main.o
LOAD ..\obj\stm32f10x_rcc.o
LOAD ..\obj\stm32f10x_usart.o
LOAD ..\obj\misc.o
LOAD ..\obj\stm32f10x_i2c.o
START GROUP
LOAD c:/program files (x86)/gnu tools arm embedded/4.9 2014q4/bin/../lib/gcc/arm-none-eabi/4.9.3/armv7-m\libgcc.a
LOAD c:/program files (x86)/gnu tools arm embedded/4.9 2014q4/bin/../lib/gcc/arm-none-eabi/4.9.3/../../../../arm-none-eabi/lib/armv7-m\libg.a
LOAD c:/program files (x86)/gnu tools arm embedded/4.9 2014q4/bin/../lib/gcc/arm-none-eabi/4.9.3/../../../../arm-none-eabi/lib/armv7-m\libc.a
END GROUP
OUTPUT(AWarm-Central v0.7.elf elf32-littlearm)

.debug_info     0x00000000     0x4622
 .debug_info    0x00000000      0x479 ..\obj\system_stm32f10x.o
 .debug_info    0x00000479       0xe9 ..\obj\startup_stm32f10x_md.o
 .debug_info    0x00000562      0x6e7 ..\obj\stm32f10x_gpio.o
 .debug_info    0x00000c49     0x1727 ..\obj\main.o
 .debug_info    0x00002370      0x88d ..\obj\stm32f10x_rcc.o
 .debug_info    0x00002bfd      0x9e8 ..\obj\stm32f10x_usart.o
 .debug_info    0x000035e5      0x53d ..\obj\misc.o
 .debug_info    0x00003b22      0xb00 ..\obj\stm32f10x_i2c.o

.debug_abbrev   0x00000000      0xd32
 .debug_abbrev  0x00000000      0x14c ..\obj\system_stm32f10x.o
 .debug_abbrev  0x0000014c       0xa7 ..\obj\startup_stm32f10x_md.o
 .debug_abbrev  0x000001f3      0x1c8 ..\obj\stm32f10x_gpio.o
 .debug_abbrev  0x000003bb      0x3b2 ..\obj\main.o
 .debug_abbrev  0x0000076d      0x1ba ..\obj\stm32f10x_rcc.o
 .debug_abbrev  0x00000927      0x162 ..\obj\stm32f10x_usart.o
 .debug_abbrev  0x00000a89      0x145 ..\obj\misc.o
 .debug_abbrev  0x00000bce      0x164 ..\obj\stm32f10x_i2c.o

.debug_aranges  0x00000000      0x5b0
 .debug_aranges
                0x00000000       0x38 ..\obj\system_stm32f10x.o
 .debug_aranges
                0x00000038       0x28 ..\obj\startup_stm32f10x_md.o
 .debug_aranges
                0x00000060       0xa8 ..\obj\stm32f10x_gpio.o
 .debug_aranges
                0x00000108      0x130 ..\obj\main.o
 .debug_aranges
                0x00000238      0x118 ..\obj\stm32f10x_rcc.o
 .debug_aranges
                0x00000350      0x100 ..\obj\stm32f10x_usart.o
 .debug_aranges
                0x00000450       0x40 ..\obj\misc.o
 .debug_aranges
                0x00000490      0x120 ..\obj\stm32f10x_i2c.o

.debug_ranges   0x00000000      0x530
 .debug_ranges  0x00000000       0x28 ..\obj\system_stm32f10x.o
 .debug_ranges  0x00000028       0x18 ..\obj\startup_stm32f10x_md.o
 .debug_ranges  0x00000040       0x98 ..\obj\stm32f10x_gpio.o
 .debug_ranges  0x000000d8      0x120 ..\obj\main.o
 .debug_ranges  0x000001f8      0x108 ..\obj\stm32f10x_rcc.o
 .debug_ranges  0x00000300       0xf0 ..\obj\stm32f10x_usart.o
 .debug_ranges  0x000003f0       0x30 ..\obj\misc.o
 .debug_ranges  0x00000420      0x110 ..\obj\stm32f10x_i2c.o

.debug_line     0x00000000     0x26f7
 .debug_line    0x00000000      0x2a7 ..\obj\system_stm32f10x.o
 .debug_line    0x000002a7       0xea ..\obj\startup_stm32f10x_md.o
 .debug_line    0x00000391      0x4cf ..\obj\stm32f10x_gpio.o
 .debug_line    0x00000860      0x9bd ..\obj\main.o
 .debug_line    0x0000121d      0x5dc ..\obj\stm32f10x_rcc.o
 .debug_line    0x000017f9      0x5b2 ..\obj\stm32f10x_usart.o
 .debug_line    0x00001dab      0x35d ..\obj\misc.o
 .debug_line    0x00002108      0x5ef ..\obj\stm32f10x_i2c.o

.debug_str      0x00000000     0x2027
 .debug_str     0x00000000      0x2d0 ..\obj\system_stm32f10x.o
                                0x33f (size before relaxing)
 .debug_str     0x000002d0       0xf8 ..\obj\startup_stm32f10x_md.o
                                0x18f (size before relaxing)
 .debug_str     0x000003c8      0x3fd ..\obj\stm32f10x_gpio.o
                                0x569 (size before relaxing)
 .debug_str     0x000007c5      0xb80 ..\obj\main.o
                                0xf39 (size before relaxing)
 .debug_str     0x00001345      0x430 ..\obj\stm32f10x_rcc.o
                                0x66a (size before relaxing)
 .debug_str     0x00001775      0x3f1 ..\obj\stm32f10x_usart.o
                                0x6e0 (size before relaxing)
 .debug_str     0x00001b66      0x143 ..\obj\misc.o
                                0x40e (size before relaxing)
 .debug_str     0x00001ca9      0x37e ..\obj\stm32f10x_i2c.o
                                0x6b6 (size before relaxing)

.comment        0x00000000       0x70
 .comment       0x00000000       0x70 ..\obj\system_stm32f10x.o
                                 0x71 (size before relaxing)
 .comment       0x00000000       0x71 ..\obj\startup_stm32f10x_md.o
 .comment       0x00000000       0x71 ..\obj\stm32f10x_gpio.o
 .comment       0x00000000       0x71 ..\obj\main.o
 .comment       0x00000000       0x71 ..\obj\stm32f10x_rcc.o
 .comment       0x00000000       0x71 ..\obj\stm32f10x_usart.o
 .comment       0x00000000       0x71 ..\obj\misc.o
 .comment       0x00000000       0x71 ..\obj\stm32f10x_i2c.o

.ARM.attributes
                0x00000000       0x33
 .ARM.attributes
                0x00000000       0x33 ..\obj\system_stm32f10x.o
 .ARM.attributes
                0x00000033       0x33 ..\obj\startup_stm32f10x_md.o
 .ARM.attributes
                0x00000066       0x33 ..\obj\stm32f10x_gpio.o
 .ARM.attributes
                0x00000099       0x33 ..\obj\main.o
 .ARM.attributes
                0x000000cc       0x33 ..\obj\stm32f10x_rcc.o
 .ARM.attributes
                0x000000ff       0x33 ..\obj\stm32f10x_usart.o
 .ARM.attributes
                0x00000132       0x33 ..\obj\misc.o
 .ARM.attributes
                0x00000165       0x33 ..\obj\stm32f10x_i2c.o
 .ARM.attributes
                0x00000198       0x1d c:/program files (x86)/gnu tools arm embedded/4.9 2014q4/bin/../lib/gcc/arm-none-eabi/4.9.3/armv7-m\libgcc.a(_aeabi_uldivmod.o)
 .ARM.attributes
                0x000001b5       0x2d c:/program files (x86)/gnu tools arm embedded/4.9 2014q4/bin/../lib/gcc/arm-none-eabi/4.9.3/armv7-m\libgcc.a(bpabi.o)
 .ARM.attributes
                0x000001e2       0x1d c:/program files (x86)/gnu tools arm embedded/4.9 2014q4/bin/../lib/gcc/arm-none-eabi/4.9.3/armv7-m\libgcc.a(_dvmd_tls.o)
 .ARM.attributes
                0x000001ff       0x2d c:/program files (x86)/gnu tools arm embedded/4.9 2014q4/bin/../lib/gcc/arm-none-eabi/4.9.3/armv7-m\libgcc.a(_divdi3.o)
 .ARM.attributes
                0x0000022c       0x2d c:/program files (x86)/gnu tools arm embedded/4.9 2014q4/bin/../lib/gcc/arm-none-eabi/4.9.3/armv7-m\libgcc.a(_udivdi3.o)
 .ARM.attributes
                0x00000259       0x2d c:/program files (x86)/gnu tools arm embedded/4.9 2014q4/bin/../lib/gcc/arm-none-eabi/4.9.3/../../../../arm-none-eabi/lib/armv7-m\libg.a(lib_a-memset.o)
 .ARM.attributes
                0x00000286       0x2d c:/program files (x86)/gnu tools arm embedded/4.9 2014q4/bin/../lib/gcc/arm-none-eabi/4.9.3/../../../../arm-none-eabi/lib/armv7-m\libg.a(lib_a-strcpy.o)
 .ARM.attributes
                0x000002b3       0x2d c:/program files (x86)/gnu tools arm embedded/4.9 2014q4/bin/../lib/gcc/arm-none-eabi/4.9.3/../../../../arm-none-eabi/lib/armv7-m\libg.a(lib_a-strlen.o)

.debug_frame    0x00000000     0x19b8
 .debug_frame   0x00000000       0x98 ..\obj\system_stm32f10x.o
 .debug_frame   0x00000098       0x4c ..\obj\startup_stm32f10x_md.o
 .debug_frame   0x000000e4      0x2d0 ..\obj\stm32f10x_gpio.o
 .debug_frame   0x000003b4      0x520 ..\obj\main.o
 .debug_frame   0x000008d4      0x4f4 ..\obj\stm32f10x_rcc.o
 .debug_frame   0x00000dc8      0x490 ..\obj\stm32f10x_usart.o
 .debug_frame   0x00001258       0xd8 ..\obj\misc.o
 .debug_frame   0x00001330      0x530 ..\obj\stm32f10x_i2c.o
 .debug_frame   0x00001860       0x28 c:/program files (x86)/gnu tools arm embedded/4.9 2014q4/bin/../lib/gcc/arm-none-eabi/4.9.3/armv7-m\libgcc.a(_aeabi_uldivmod.o)
 .debug_frame   0x00001888       0x54 c:/program files (x86)/gnu tools arm embedded/4.9 2014q4/bin/../lib/gcc/arm-none-eabi/4.9.3/armv7-m\libgcc.a(bpabi.o)
 .debug_frame   0x000018dc       0x34 c:/program files (x86)/gnu tools arm embedded/4.9 2014q4/bin/../lib/gcc/arm-none-eabi/4.9.3/armv7-m\libgcc.a(_divdi3.o)
 .debug_frame   0x00001910       0x34 c:/program files (x86)/gnu tools arm embedded/4.9 2014q4/bin/../lib/gcc/arm-none-eabi/4.9.3/armv7-m\libgcc.a(_udivdi3.o)
 .debug_frame   0x00001944       0x34 c:/program files (x86)/gnu tools arm embedded/4.9 2014q4/bin/../lib/gcc/arm-none-eabi/4.9.3/../../../../arm-none-eabi/lib/armv7-m\libg.a(lib_a-memset.o)
 .debug_frame   0x00001978       0x20 c:/program files (x86)/gnu tools arm embedded/4.9 2014q4/bin/../lib/gcc/arm-none-eabi/4.9.3/../../../../arm-none-eabi/lib/armv7-m\libg.a(lib_a-strcpy.o)
 .debug_frame   0x00001998       0x20 c:/program files (x86)/gnu tools arm embedded/4.9 2014q4/bin/../lib/gcc/arm-none-eabi/4.9.3/../../../../arm-none-eabi/lib/armv7-m\libg.a(lib_a-strlen.o)
